Sun Jun 21 06:42:43 UTC 2026: Starting contracts scraper
Sun Jun 21 06:42:43 UTC 2026: Fetching first page to determine total pages for contracts endpoint...
Sun Jun 21 06:42:44 UTC 2026: Found 27 total pages with 13440 expected results
Sun Jun 21 06:42:44 UTC 2026: Fetching data for page 1...
Sun Jun 21 06:42:44 UTC 2026: Page 1: Downloaded 500 items
Sun Jun 21 06:42:44 UTC 2026: Fetching data for page 2...
Sun Jun 21 06:42:44 UTC 2026: Page 2: Downloaded 500 items
Sun Jun 21 06:42:44 UTC 2026: Fetching data for page 3...
Sun Jun 21 06:42:45 UTC 2026: Page 3: Downloaded 500 items
Sun Jun 21 06:42:45 UTC 2026: Fetching data for page 4...
Sun Jun 21 06:42:45 UTC 2026: Page 4: Downloaded 500 items
Sun Jun 21 06:42:45 UTC 2026: Fetching data for page 5...
Sun Jun 21 06:42:46 UTC 2026: Page 5: Downloaded 500 items
Sun Jun 21 06:42:46 UTC 2026: Fetching data for page 6...
Sun Jun 21 06:42:46 UTC 2026: Page 6: Downloaded 500 items
Sun Jun 21 06:42:46 UTC 2026: Fetching data for page 7...
Sun Jun 21 06:42:47 UTC 2026: Page 7: Downloaded 500 items
Sun Jun 21 06:42:47 UTC 2026: Fetching data for page 8...
Sun Jun 21 06:42:47 UTC 2026: Page 8: Downloaded 500 items
Sun Jun 21 06:42:47 UTC 2026: Fetching data for page 9...
Sun Jun 21 06:42:47 UTC 2026: Page 9: Downloaded 500 items
Sun Jun 21 06:42:47 UTC 2026: Fetching data for page 10...
Sun Jun 21 06:42:48 UTC 2026: Page 10: Downloaded 500 items
Sun Jun 21 06:42:48 UTC 2026: Fetching data for page 11...
Sun Jun 21 06:42:48 UTC 2026: Page 11: Downloaded 500 items
Sun Jun 21 06:42:48 UTC 2026: Fetching data for page 12...
Sun Jun 21 06:42:48 UTC 2026: Page 12: Downloaded 500 items
Sun Jun 21 06:42:48 UTC 2026: Fetching data for page 13...
Sun Jun 21 06:42:49 UTC 2026: Page 13: Downloaded 500 items
Sun Jun 21 06:42:49 UTC 2026: Fetching data for page 14...
Sun Jun 21 06:42:49 UTC 2026: Page 14: Downloaded 500 items
Sun Jun 21 06:42:49 UTC 2026: Fetching data for page 15...
Sun Jun 21 06:42:50 UTC 2026: Page 15: Downloaded 500 items
Sun Jun 21 06:42:50 UTC 2026: Fetching data for page 16...
Sun Jun 21 06:42:50 UTC 2026: Page 16: Downloaded 500 items
Sun Jun 21 06:42:50 UTC 2026: Fetching data for page 17...
Sun Jun 21 06:42:50 UTC 2026: Page 17: Downloaded 500 items
Sun Jun 21 06:42:50 UTC 2026: Fetching data for page 18...
Sun Jun 21 06:42:51 UTC 2026: Page 18: Downloaded 500 items
Sun Jun 21 06:42:51 UTC 2026: Fetching data for page 19...
Sun Jun 21 06:42:51 UTC 2026: Page 19: Downloaded 500 items
Sun Jun 21 06:42:51 UTC 2026: Fetching data for page 20...
Sun Jun 21 06:42:52 UTC 2026: Page 20: Downloaded 500 items
Sun Jun 21 06:42:52 UTC 2026: Fetching data for page 21...
Sun Jun 21 06:42:52 UTC 2026: Page 21: Downloaded 500 items
Sun Jun 21 06:42:52 UTC 2026: Fetching data for page 22...
Sun Jun 21 06:42:52 UTC 2026: Page 22: Downloaded 500 items
Sun Jun 21 06:42:52 UTC 2026: Fetching data for page 23...
Sun Jun 21 06:42:53 UTC 2026: Page 23: Downloaded 500 items
Sun Jun 21 06:42:53 UTC 2026: Fetching data for page 24...
Sun Jun 21 06:42:53 UTC 2026: Page 24: Downloaded 500 items
Sun Jun 21 06:42:53 UTC 2026: Fetching data for page 25...
Sun Jun 21 06:42:53 UTC 2026: Page 25: Downloaded 500 items
Sun Jun 21 06:42:53 UTC 2026: Fetching data for page 26...
Sun Jun 21 06:42:54 UTC 2026: Page 26: Downloaded 500 items
Sun Jun 21 06:42:54 UTC 2026: Fetching data for page 27...
Sun Jun 21 06:42:54 UTC 2026: Page 27: Downloaded 440 items
Sun Jun 21 06:42:54 UTC 2026: Creating consolidated JSON file: contracts.json
Sun Jun 21 06:42:58 UTC 2026: Download completed. Downloaded 13440 items (expected: 13440)
Sun Jun 21 06:42:58 UTC 2026: Script completed. Results saved to contracts.json, logs saved to contracts_scraper.log
