Sun Sep 13 06:58:44 UTC 2026: Starting grants scraper
Sun Sep 13 06:58:44 UTC 2026: Fetching first page to determine total pages for grants endpoint...
Sun Sep 13 06:58:45 UTC 2026: Found 32 total pages with 15887 expected results
Sun Sep 13 06:58:45 UTC 2026: Fetching data for page 1...
Sun Sep 13 06:58:45 UTC 2026: Page 1: Downloaded 500 items
Sun Sep 13 06:58:45 UTC 2026: Fetching data for page 2...
Sun Sep 13 06:58:46 UTC 2026: Page 2: Downloaded 500 items
Sun Sep 13 06:58:46 UTC 2026: Fetching data for page 3...
Sun Sep 13 06:58:47 UTC 2026: Page 3: Downloaded 500 items
Sun Sep 13 06:58:47 UTC 2026: Fetching data for page 4...
Sun Sep 13 06:58:47 UTC 2026: Page 4: Downloaded 500 items
Sun Sep 13 06:58:47 UTC 2026: Fetching data for page 5...
Sun Sep 13 06:58:47 UTC 2026: Page 5: Downloaded 500 items
Sun Sep 13 06:58:47 UTC 2026: Fetching data for page 6...
Sun Sep 13 06:58:48 UTC 2026: Page 6: Downloaded 500 items
Sun Sep 13 06:58:48 UTC 2026: Fetching data for page 7...
Sun Sep 13 06:58:49 UTC 2026: Page 7: Downloaded 500 items
Sun Sep 13 06:58:49 UTC 2026: Fetching data for page 8...
Sun Sep 13 06:58:49 UTC 2026: Page 8: Downloaded 500 items
Sun Sep 13 06:58:49 UTC 2026: Fetching data for page 9...
Sun Sep 13 06:58:50 UTC 2026: Page 9: Downloaded 500 items
Sun Sep 13 06:58:50 UTC 2026: Fetching data for page 10...
Sun Sep 13 06:58:50 UTC 2026: Page 10: Downloaded 500 items
Sun Sep 13 06:58:50 UTC 2026: Fetching data for page 11...
Sun Sep 13 06:58:51 UTC 2026: Page 11: Downloaded 500 items
Sun Sep 13 06:58:51 UTC 2026: Fetching data for page 12...
Sun Sep 13 06:58:51 UTC 2026: Page 12: Downloaded 500 items
Sun Sep 13 06:58:51 UTC 2026: Fetching data for page 13...
Sun Sep 13 06:58:52 UTC 2026: Page 13: Downloaded 500 items
Sun Sep 13 06:58:52 UTC 2026: Fetching data for page 14...
Sun Sep 13 06:58:52 UTC 2026: Page 14: Downloaded 500 items
Sun Sep 13 06:58:52 UTC 2026: Fetching data for page 15...
Sun Sep 13 06:58:53 UTC 2026: Page 15: Downloaded 500 items
Sun Sep 13 06:58:53 UTC 2026: Fetching data for page 16...
Sun Sep 13 06:58:53 UTC 2026: Page 16: Downloaded 500 items
Sun Sep 13 06:58:53 UTC 2026: Fetching data for page 17...
Sun Sep 13 06:58:54 UTC 2026: Page 17: Downloaded 500 items
Sun Sep 13 06:58:54 UTC 2026: Fetching data for page 18...
Sun Sep 13 06:58:54 UTC 2026: Page 18: Downloaded 500 items
Sun Sep 13 06:58:54 UTC 2026: Fetching data for page 19...
Sun Sep 13 06:58:55 UTC 2026: Page 19: Downloaded 500 items
Sun Sep 13 06:58:55 UTC 2026: Fetching data for page 20...
Sun Sep 13 06:58:55 UTC 2026: Page 20: Downloaded 500 items
Sun Sep 13 06:58:55 UTC 2026: Fetching data for page 21...
Sun Sep 13 06:58:56 UTC 2026: Page 21: Downloaded 500 items
Sun Sep 13 06:58:56 UTC 2026: Fetching data for page 22...
Sun Sep 13 06:58:56 UTC 2026: Page 22: Downloaded 500 items
Sun Sep 13 06:58:56 UTC 2026: Fetching data for page 23...
Sun Sep 13 06:58:57 UTC 2026: Page 23: Downloaded 500 items
Sun Sep 13 06:58:57 UTC 2026: Fetching data for page 24...
Sun Sep 13 06:58:58 UTC 2026: Page 24: Downloaded 500 items
Sun Sep 13 06:58:58 UTC 2026: Fetching data for page 25...
Sun Sep 13 06:58:58 UTC 2026: Page 25: Downloaded 500 items
Sun Sep 13 06:58:58 UTC 2026: Fetching data for page 26...
Sun Sep 13 06:58:58 UTC 2026: Page 26: Downloaded 500 items
Sun Sep 13 06:58:58 UTC 2026: Fetching data for page 27...
Sun Sep 13 06:58:59 UTC 2026: Page 27: Downloaded 501 items
Sun Sep 13 06:58:59 UTC 2026: Fetching data for page 28...
Sun Sep 13 06:58:59 UTC 2026: Page 28: Downloaded 500 items
Sun Sep 13 06:58:59 UTC 2026: Fetching data for page 29...
Sun Sep 13 06:59:00 UTC 2026: Page 29: Downloaded 500 items
Sun Sep 13 06:59:00 UTC 2026: Fetching data for page 30...
Sun Sep 13 06:59:00 UTC 2026: Page 30: Downloaded 500 items
Sun Sep 13 06:59:00 UTC 2026: Fetching data for page 31...
Sun Sep 13 06:59:01 UTC 2026: Page 31: Downloaded 500 items
Sun Sep 13 06:59:01 UTC 2026: Fetching data for page 32...
Sun Sep 13 06:59:01 UTC 2026: Page 32: Downloaded 387 items
Sun Sep 13 06:59:01 UTC 2026: Creating consolidated JSON file: grants.json
Sun Sep 13 06:59:05 UTC 2026: Download completed. Downloaded 15888 items (expected: 15887)
Sun Sep 13 06:59:05 UTC 2026: WARNING: Downloaded item count (15888) does not match expected total (15887)
Sun Sep 13 06:59:05 UTC 2026: Script completed. Results saved to grants.json, logs saved to grants_scraper.log
