Sun Sep 13 06:59:10 UTC 2026: Starting payments scraper
Sun Sep 13 06:59:10 UTC 2026: Fetching first page to determine total pages for payments endpoint...
Sun Sep 13 06:59:10 UTC 2026: Found 215 total pages with 107497 expected results
Sun Sep 13 06:59:10 UTC 2026: Fetching data for page 1...
Sun Sep 13 06:59:11 UTC 2026: Page 1: Downloaded 500 items
Sun Sep 13 06:59:11 UTC 2026: Fetching data for page 2...
Sun Sep 13 06:59:12 UTC 2026: Page 2: Downloaded 502 items
Sun Sep 13 06:59:12 UTC 2026: Fetching data for page 3...
Sun Sep 13 06:59:13 UTC 2026: Page 3: Downloaded 500 items
Sun Sep 13 06:59:13 UTC 2026: Fetching data for page 4...
Sun Sep 13 06:59:14 UTC 2026: Page 4: Downloaded 500 items
Sun Sep 13 06:59:14 UTC 2026: Fetching data for page 5...
Sun Sep 13 06:59:14 UTC 2026: Page 5: Downloaded 500 items
Sun Sep 13 06:59:14 UTC 2026: Fetching data for page 6...
Sun Sep 13 06:59:16 UTC 2026: Page 6: Downloaded 500 items
Sun Sep 13 06:59:16 UTC 2026: Fetching data for page 7...
Sun Sep 13 06:59:17 UTC 2026: Page 7: Downloaded 500 items
Sun Sep 13 06:59:17 UTC 2026: Fetching data for page 8...
Sun Sep 13 06:59:18 UTC 2026: Page 8: Downloaded 500 items
Sun Sep 13 06:59:18 UTC 2026: Fetching data for page 9...
Sun Sep 13 06:59:19 UTC 2026: Page 9: Downloaded 500 items
Sun Sep 13 06:59:19 UTC 2026: Fetching data for page 10...
Sun Sep 13 06:59:26 UTC 2026: Page 10: Downloaded 500 items
Sun Sep 13 06:59:26 UTC 2026: Fetching data for page 11...
Sun Sep 13 06:59:27 UTC 2026: Page 11: Downloaded 500 items
Sun Sep 13 06:59:27 UTC 2026: Fetching data for page 12...
Sun Sep 13 06:59:28 UTC 2026: Page 12: Downloaded 500 items
Sun Sep 13 06:59:28 UTC 2026: Fetching data for page 13...
Sun Sep 13 06:59:29 UTC 2026: Page 13: Downloaded 500 items
Sun Sep 13 06:59:29 UTC 2026: Fetching data for page 14...
Sun Sep 13 06:59:30 UTC 2026: Page 14: Downloaded 500 items
Sun Sep 13 06:59:30 UTC 2026: Fetching data for page 15...
Sun Sep 13 06:59:31 UTC 2026: Page 15: Downloaded 500 items
Sun Sep 13 06:59:31 UTC 2026: Fetching data for page 16...
Sun Sep 13 06:59:32 UTC 2026: Page 16: Downloaded 500 items
Sun Sep 13 06:59:32 UTC 2026: Fetching data for page 17...
Sun Sep 13 06:59:33 UTC 2026: Page 17: Downloaded 500 items
Sun Sep 13 06:59:33 UTC 2026: Fetching data for page 18...
Sun Sep 13 06:59:34 UTC 2026: Page 18: Downloaded 500 items
Sun Sep 13 06:59:34 UTC 2026: Fetching data for page 19...
Sun Sep 13 06:59:35 UTC 2026: Page 19: Downloaded 500 items
Sun Sep 13 06:59:35 UTC 2026: Fetching data for page 20...
Sun Sep 13 06:59:36 UTC 2026: Page 20: Downloaded 500 items
Sun Sep 13 06:59:36 UTC 2026: Fetching data for page 21...
Sun Sep 13 06:59:36 UTC 2026: Page 21: Downloaded 500 items
Sun Sep 13 06:59:36 UTC 2026: Fetching data for page 22...
Sun Sep 13 06:59:37 UTC 2026: Page 22: Downloaded 500 items
Sun Sep 13 06:59:37 UTC 2026: Fetching data for page 23...
Sun Sep 13 06:59:39 UTC 2026: Page 23: Downloaded 500 items
Sun Sep 13 06:59:39 UTC 2026: Fetching data for page 24...
Sun Sep 13 06:59:40 UTC 2026: Page 24: Downloaded 500 items
Sun Sep 13 06:59:40 UTC 2026: Fetching data for page 25...
Sun Sep 13 06:59:40 UTC 2026: Page 25: Downloaded 500 items
Sun Sep 13 06:59:40 UTC 2026: Fetching data for page 26...
Sun Sep 13 06:59:41 UTC 2026: Page 26: Downloaded 500 items
Sun Sep 13 06:59:41 UTC 2026: Fetching data for page 27...
Sun Sep 13 06:59:42 UTC 2026: Page 27: Downloaded 500 items
Sun Sep 13 06:59:42 UTC 2026: Fetching data for page 28...
Sun Sep 13 06:59:43 UTC 2026: Page 28: Downloaded 500 items
Sun Sep 13 06:59:43 UTC 2026: Fetching data for page 29...
Sun Sep 13 06:59:43 UTC 2026: Page 29: Downloaded 500 items
Sun Sep 13 06:59:43 UTC 2026: Fetching data for page 30...
Sun Sep 13 06:59:44 UTC 2026: Page 30: Downloaded 500 items
Sun Sep 13 06:59:44 UTC 2026: Fetching data for page 31...
Sun Sep 13 06:59:45 UTC 2026: Page 31: Downloaded 500 items
Sun Sep 13 06:59:45 UTC 2026: Fetching data for page 32...
Sun Sep 13 06:59:46 UTC 2026: Page 32: Downloaded 501 items
Sun Sep 13 06:59:46 UTC 2026: Fetching data for page 33...
Sun Sep 13 06:59:47 UTC 2026: Page 33: Downloaded 502 items
Sun Sep 13 06:59:47 UTC 2026: Fetching data for page 34...
Sun Sep 13 06:59:47 UTC 2026: Page 34: Downloaded 500 items
Sun Sep 13 06:59:47 UTC 2026: Fetching data for page 35...
Sun Sep 13 06:59:48 UTC 2026: Page 35: Downloaded 500 items
Sun Sep 13 06:59:48 UTC 2026: Fetching data for page 36...
Sun Sep 13 06:59:49 UTC 2026: Page 36: Downloaded 500 items
Sun Sep 13 06:59:49 UTC 2026: Fetching data for page 37...
Sun Sep 13 06:59:50 UTC 2026: Page 37: Downloaded 500 items
Sun Sep 13 06:59:50 UTC 2026: Fetching data for page 38...
Sun Sep 13 06:59:51 UTC 2026: Page 38: Downloaded 500 items
Sun Sep 13 06:59:51 UTC 2026: Fetching data for page 39...
Sun Sep 13 06:59:52 UTC 2026: Page 39: Downloaded 500 items
Sun Sep 13 06:59:52 UTC 2026: Fetching data for page 40...
Sun Sep 13 06:59:53 UTC 2026: Page 40: Downloaded 500 items
Sun Sep 13 06:59:53 UTC 2026: Fetching data for page 41...
Sun Sep 13 06:59:54 UTC 2026: Page 41: Downloaded 500 items
Sun Sep 13 06:59:54 UTC 2026: Fetching data for page 42...
Sun Sep 13 06:59:55 UTC 2026: Page 42: Downloaded 500 items
Sun Sep 13 06:59:55 UTC 2026: Fetching data for page 43...
Sun Sep 13 06:59:56 UTC 2026: Page 43: Downloaded 500 items
Sun Sep 13 06:59:56 UTC 2026: Fetching data for page 44...
Sun Sep 13 06:59:57 UTC 2026: Page 44: Downloaded 501 items
Sun Sep 13 06:59:57 UTC 2026: Fetching data for page 45...
Sun Sep 13 06:59:58 UTC 2026: Page 45: Downloaded 500 items
Sun Sep 13 06:59:58 UTC 2026: Fetching data for page 46...
Sun Sep 13 06:59:59 UTC 2026: Page 46: Downloaded 500 items
Sun Sep 13 06:59:59 UTC 2026: Fetching data for page 47...
Sun Sep 13 07:00:00 UTC 2026: Page 47: Downloaded 500 items
Sun Sep 13 07:00:00 UTC 2026: Fetching data for page 48...
Sun Sep 13 07:00:00 UTC 2026: Page 48: Downloaded 500 items
Sun Sep 13 07:00:00 UTC 2026: Fetching data for page 49...
Sun Sep 13 07:00:01 UTC 2026: Page 49: Downloaded 500 items
Sun Sep 13 07:00:01 UTC 2026: Fetching data for page 50...
Sun Sep 13 07:00:02 UTC 2026: Page 50: Downloaded 500 items
Sun Sep 13 07:00:02 UTC 2026: Fetching data for page 51...
Sun Sep 13 07:00:02 UTC 2026: Page 51: Downloaded 501 items
Sun Sep 13 07:00:02 UTC 2026: Fetching data for page 52...
Sun Sep 13 07:00:03 UTC 2026: Page 52: Downloaded 500 items
Sun Sep 13 07:00:03 UTC 2026: Fetching data for page 53...
Sun Sep 13 07:00:04 UTC 2026: Page 53: Downloaded 500 items
Sun Sep 13 07:00:04 UTC 2026: Fetching data for page 54...
Sun Sep 13 07:00:05 UTC 2026: Page 54: Downloaded 500 items
Sun Sep 13 07:00:05 UTC 2026: Fetching data for page 55...
Sun Sep 13 07:00:06 UTC 2026: Page 55: Downloaded 500 items
Sun Sep 13 07:00:06 UTC 2026: Fetching data for page 56...
Sun Sep 13 07:00:08 UTC 2026: Page 56: Downloaded 501 items
Sun Sep 13 07:00:08 UTC 2026: Fetching data for page 57...
Sun Sep 13 07:00:08 UTC 2026: Page 57: Downloaded 500 items
Sun Sep 13 07:00:08 UTC 2026: Fetching data for page 58...
Sun Sep 13 07:00:09 UTC 2026: Page 58: Downloaded 500 items
Sun Sep 13 07:00:09 UTC 2026: Fetching data for page 59...
Sun Sep 13 07:00:10 UTC 2026: Page 59: Downloaded 500 items
Sun Sep 13 07:00:10 UTC 2026: Fetching data for page 60...
Sun Sep 13 07:00:11 UTC 2026: Page 60: Downloaded 500 items
Sun Sep 13 07:00:11 UTC 2026: Fetching data for page 61...
Sun Sep 13 07:00:13 UTC 2026: Page 61: Downloaded 501 items
Sun Sep 13 07:00:13 UTC 2026: Fetching data for page 62...
Sun Sep 13 07:00:14 UTC 2026: Page 62: Downloaded 500 items
Sun Sep 13 07:00:14 UTC 2026: Fetching data for page 63...
Sun Sep 13 07:00:14 UTC 2026: Page 63: Downloaded 500 items
Sun Sep 13 07:00:14 UTC 2026: Fetching data for page 64...
Sun Sep 13 07:00:15 UTC 2026: Page 64: Downloaded 500 items
Sun Sep 13 07:00:15 UTC 2026: Fetching data for page 65...
Sun Sep 13 07:00:16 UTC 2026: Page 65: Downloaded 500 items
Sun Sep 13 07:00:16 UTC 2026: Fetching data for page 66...
Sun Sep 13 07:00:17 UTC 2026: Page 66: Downloaded 500 items
Sun Sep 13 07:00:17 UTC 2026: Fetching data for page 67...
Sun Sep 13 07:00:18 UTC 2026: Page 67: Downloaded 500 items
Sun Sep 13 07:00:18 UTC 2026: Fetching data for page 68...
Sun Sep 13 07:00:19 UTC 2026: Page 68: Downloaded 500 items
Sun Sep 13 07:00:19 UTC 2026: Fetching data for page 69...
Sun Sep 13 07:00:20 UTC 2026: Page 69: Downloaded 500 items
Sun Sep 13 07:00:20 UTC 2026: Fetching data for page 70...
Sun Sep 13 07:00:20 UTC 2026: Page 70: Downloaded 500 items
Sun Sep 13 07:00:20 UTC 2026: Fetching data for page 71...
Sun Sep 13 07:00:21 UTC 2026: Page 71: Downloaded 500 items
Sun Sep 13 07:00:21 UTC 2026: Fetching data for page 72...
Sun Sep 13 07:00:22 UTC 2026: Page 72: Downloaded 502 items
Sun Sep 13 07:00:22 UTC 2026: Fetching data for page 73...
Sun Sep 13 07:00:23 UTC 2026: Page 73: Downloaded 500 items
Sun Sep 13 07:00:23 UTC 2026: Fetching data for page 74...
Sun Sep 13 07:00:24 UTC 2026: Page 74: Downloaded 500 items
Sun Sep 13 07:00:24 UTC 2026: Fetching data for page 75...
Sun Sep 13 07:00:24 UTC 2026: Page 75: Downloaded 500 items
Sun Sep 13 07:00:24 UTC 2026: Fetching data for page 76...
Sun Sep 13 07:00:26 UTC 2026: Page 76: Downloaded 500 items
Sun Sep 13 07:00:26 UTC 2026: Fetching data for page 77...
Sun Sep 13 07:00:27 UTC 2026: Page 77: Downloaded 500 items
Sun Sep 13 07:00:27 UTC 2026: Fetching data for page 78...
Sun Sep 13 07:00:28 UTC 2026: Page 78: Downloaded 501 items
Sun Sep 13 07:00:28 UTC 2026: Fetching data for page 79...
Sun Sep 13 07:00:29 UTC 2026: Page 79: Downloaded 500 items
Sun Sep 13 07:00:29 UTC 2026: Fetching data for page 80...
Sun Sep 13 07:00:30 UTC 2026: Page 80: Downloaded 500 items
Sun Sep 13 07:00:30 UTC 2026: Fetching data for page 81...
Sun Sep 13 07:00:30 UTC 2026: Page 81: Downloaded 502 items
Sun Sep 13 07:00:30 UTC 2026: Fetching data for page 82...
Sun Sep 13 07:00:31 UTC 2026: Page 82: Downloaded 500 items
Sun Sep 13 07:00:31 UTC 2026: Fetching data for page 83...
Sun Sep 13 07:00:32 UTC 2026: Page 83: Downloaded 500 items
Sun Sep 13 07:00:32 UTC 2026: Fetching data for page 84...
Sun Sep 13 07:00:33 UTC 2026: Page 84: Downloaded 500 items
Sun Sep 13 07:00:33 UTC 2026: Fetching data for page 85...
Sun Sep 13 07:00:34 UTC 2026: Page 85: Downloaded 500 items
Sun Sep 13 07:00:34 UTC 2026: Fetching data for page 86...
Sun Sep 13 07:00:35 UTC 2026: Page 86: Downloaded 500 items
Sun Sep 13 07:00:35 UTC 2026: Fetching data for page 87...
Sun Sep 13 07:00:36 UTC 2026: Page 87: Downloaded 500 items
Sun Sep 13 07:00:36 UTC 2026: Fetching data for page 88...
Sun Sep 13 07:00:37 UTC 2026: Page 88: Downloaded 500 items
Sun Sep 13 07:00:37 UTC 2026: Fetching data for page 89...
Sun Sep 13 07:00:38 UTC 2026: Page 89: Downloaded 501 items
Sun Sep 13 07:00:38 UTC 2026: Fetching data for page 90...
Sun Sep 13 07:00:39 UTC 2026: Page 90: Downloaded 500 items
Sun Sep 13 07:00:39 UTC 2026: Fetching data for page 91...
Sun Sep 13 07:00:40 UTC 2026: Page 91: Downloaded 500 items
Sun Sep 13 07:00:40 UTC 2026: Fetching data for page 92...
Sun Sep 13 07:00:41 UTC 2026: Page 92: Downloaded 500 items
Sun Sep 13 07:00:41 UTC 2026: Fetching data for page 93...
Sun Sep 13 07:00:42 UTC 2026: Page 93: Downloaded 500 items
Sun Sep 13 07:00:42 UTC 2026: Fetching data for page 94...
Sun Sep 13 07:00:43 UTC 2026: Page 94: Downloaded 500 items
Sun Sep 13 07:00:43 UTC 2026: Fetching data for page 95...
Sun Sep 13 07:00:45 UTC 2026: Page 95: Downloaded 500 items
Sun Sep 13 07:00:45 UTC 2026: Fetching data for page 96...
Sun Sep 13 07:00:45 UTC 2026: Page 96: Downloaded 500 items
Sun Sep 13 07:00:45 UTC 2026: Fetching data for page 97...
Sun Sep 13 07:00:46 UTC 2026: Page 97: Downloaded 500 items
Sun Sep 13 07:00:46 UTC 2026: Fetching data for page 98...
Sun Sep 13 07:00:47 UTC 2026: Page 98: Downloaded 500 items
Sun Sep 13 07:00:47 UTC 2026: Fetching data for page 99...
Sun Sep 13 07:00:48 UTC 2026: Page 99: Downloaded 500 items
Sun Sep 13 07:00:48 UTC 2026: Fetching data for page 100...
Sun Sep 13 07:00:49 UTC 2026: Page 100: Downloaded 500 items
Sun Sep 13 07:00:49 UTC 2026: Fetching data for page 101...
Sun Sep 13 07:00:50 UTC 2026: Page 101: Downloaded 500 items
Sun Sep 13 07:00:50 UTC 2026: Fetching data for page 102...
Sun Sep 13 07:00:50 UTC 2026: Page 102: Downloaded 500 items
Sun Sep 13 07:00:50 UTC 2026: Fetching data for page 103...
Sun Sep 13 07:00:51 UTC 2026: Page 103: Downloaded 500 items
Sun Sep 13 07:00:51 UTC 2026: Fetching data for page 104...
Sun Sep 13 07:00:52 UTC 2026: Page 104: Downloaded 500 items
Sun Sep 13 07:00:52 UTC 2026: Fetching data for page 105...
Sun Sep 13 07:00:54 UTC 2026: Page 105: Downloaded 500 items
Sun Sep 13 07:00:54 UTC 2026: Fetching data for page 106...
Sun Sep 13 07:00:54 UTC 2026: Page 106: Downloaded 503 items
Sun Sep 13 07:00:54 UTC 2026: Fetching data for page 107...
Sun Sep 13 07:00:55 UTC 2026: Page 107: Downloaded 500 items
Sun Sep 13 07:00:55 UTC 2026: Fetching data for page 108...
Sun Sep 13 07:00:56 UTC 2026: Page 108: Downloaded 500 items
Sun Sep 13 07:00:56 UTC 2026: Fetching data for page 109...
Sun Sep 13 07:00:57 UTC 2026: Page 109: Downloaded 500 items
Sun Sep 13 07:00:57 UTC 2026: Fetching data for page 110...
Sun Sep 13 07:00:58 UTC 2026: Page 110: Downloaded 500 items
Sun Sep 13 07:00:58 UTC 2026: Fetching data for page 111...
Sun Sep 13 07:00:59 UTC 2026: Page 111: Downloaded 500 items
Sun Sep 13 07:00:59 UTC 2026: Fetching data for page 112...
Sun Sep 13 07:00:59 UTC 2026: Page 112: Downloaded 500 items
Sun Sep 13 07:00:59 UTC 2026: Fetching data for page 113...
Sun Sep 13 07:01:00 UTC 2026: Page 113: Downloaded 500 items
Sun Sep 13 07:01:00 UTC 2026: Fetching data for page 114...
Sun Sep 13 07:01:01 UTC 2026: Page 114: Downloaded 500 items
Sun Sep 13 07:01:01 UTC 2026: Fetching data for page 115...
Sun Sep 13 07:01:02 UTC 2026: Page 115: Downloaded 500 items
Sun Sep 13 07:01:02 UTC 2026: Fetching data for page 116...
Sun Sep 13 07:01:03 UTC 2026: Page 116: Downloaded 500 items
Sun Sep 13 07:01:03 UTC 2026: Fetching data for page 117...
Sun Sep 13 07:01:04 UTC 2026: Page 117: Downloaded 500 items
Sun Sep 13 07:01:04 UTC 2026: Fetching data for page 118...
Sun Sep 13 07:01:04 UTC 2026: Page 118: Downloaded 500 items
Sun Sep 13 07:01:04 UTC 2026: Fetching data for page 119...
Sun Sep 13 07:01:05 UTC 2026: Page 119: Downloaded 500 items
Sun Sep 13 07:01:05 UTC 2026: Fetching data for page 120...
Sun Sep 13 07:01:06 UTC 2026: Page 120: Downloaded 500 items
Sun Sep 13 07:01:06 UTC 2026: Fetching data for page 121...
Sun Sep 13 07:01:07 UTC 2026: Page 121: Downloaded 500 items
Sun Sep 13 07:01:07 UTC 2026: Fetching data for page 122...
Sun Sep 13 07:01:08 UTC 2026: Page 122: Downloaded 500 items
Sun Sep 13 07:01:08 UTC 2026: Fetching data for page 123...
Sun Sep 13 07:01:09 UTC 2026: Page 123: Downloaded 500 items
Sun Sep 13 07:01:09 UTC 2026: Fetching data for page 124...
Sun Sep 13 07:01:10 UTC 2026: Page 124: Downloaded 500 items
Sun Sep 13 07:01:10 UTC 2026: Fetching data for page 125...
Sun Sep 13 07:01:11 UTC 2026: Page 125: Downloaded 500 items
Sun Sep 13 07:01:11 UTC 2026: Fetching data for page 126...
Sun Sep 13 07:01:12 UTC 2026: Page 126: Downloaded 500 items
Sun Sep 13 07:01:12 UTC 2026: Fetching data for page 127...
Sun Sep 13 07:01:13 UTC 2026: Page 127: Downloaded 503 items
Sun Sep 13 07:01:13 UTC 2026: Fetching data for page 128...
Sun Sep 13 07:01:14 UTC 2026: Page 128: Downloaded 500 items
Sun Sep 13 07:01:14 UTC 2026: Fetching data for page 129...
Sun Sep 13 07:01:15 UTC 2026: Page 129: Downloaded 501 items
Sun Sep 13 07:01:15 UTC 2026: Fetching data for page 130...
Sun Sep 13 07:01:15 UTC 2026: Page 130: Downloaded 500 items
Sun Sep 13 07:01:15 UTC 2026: Fetching data for page 131...
Sun Sep 13 07:01:16 UTC 2026: Page 131: Downloaded 500 items
Sun Sep 13 07:01:16 UTC 2026: Fetching data for page 132...
Sun Sep 13 07:01:18 UTC 2026: Page 132: Downloaded 500 items
Sun Sep 13 07:01:18 UTC 2026: Fetching data for page 133...
Sun Sep 13 07:01:19 UTC 2026: Page 133: Downloaded 500 items
Sun Sep 13 07:01:19 UTC 2026: Fetching data for page 134...
Sun Sep 13 07:01:19 UTC 2026: Page 134: Downloaded 500 items
Sun Sep 13 07:01:19 UTC 2026: Fetching data for page 135...
Sun Sep 13 07:01:20 UTC 2026: Page 135: Downloaded 500 items
Sun Sep 13 07:01:20 UTC 2026: Fetching data for page 136...
Sun Sep 13 07:01:21 UTC 2026: Page 136: Downloaded 500 items
Sun Sep 13 07:01:21 UTC 2026: Fetching data for page 137...
Sun Sep 13 07:01:22 UTC 2026: Page 137: Downloaded 500 items
Sun Sep 13 07:01:22 UTC 2026: Fetching data for page 138...
Sun Sep 13 07:01:23 UTC 2026: Page 138: Downloaded 500 items
Sun Sep 13 07:01:23 UTC 2026: Fetching data for page 139...
Sun Sep 13 07:01:24 UTC 2026: Page 139: Downloaded 500 items
Sun Sep 13 07:01:24 UTC 2026: Fetching data for page 140...
Sun Sep 13 07:01:25 UTC 2026: Page 140: Downloaded 500 items
Sun Sep 13 07:01:25 UTC 2026: Fetching data for page 141...
Sun Sep 13 07:01:26 UTC 2026: Page 141: Downloaded 500 items
Sun Sep 13 07:01:26 UTC 2026: Fetching data for page 142...
Sun Sep 13 07:01:27 UTC 2026: Page 142: Downloaded 500 items
Sun Sep 13 07:01:27 UTC 2026: Fetching data for page 143...
Sun Sep 13 07:01:28 UTC 2026: Page 143: Downloaded 500 items
Sun Sep 13 07:01:28 UTC 2026: Fetching data for page 144...
Sun Sep 13 07:01:29 UTC 2026: Page 144: Downloaded 500 items
Sun Sep 13 07:01:29 UTC 2026: Fetching data for page 145...
Sun Sep 13 07:01:30 UTC 2026: Page 145: Downloaded 500 items
Sun Sep 13 07:01:30 UTC 2026: Fetching data for page 146...
Sun Sep 13 07:01:31 UTC 2026: Page 146: Downloaded 500 items
Sun Sep 13 07:01:31 UTC 2026: Fetching data for page 147...
Sun Sep 13 07:01:32 UTC 2026: Page 147: Downloaded 500 items
Sun Sep 13 07:01:32 UTC 2026: Fetching data for page 148...
Sun Sep 13 07:01:33 UTC 2026: Page 148: Downloaded 502 items
Sun Sep 13 07:01:33 UTC 2026: Fetching data for page 149...
Sun Sep 13 07:01:34 UTC 2026: Page 149: Downloaded 500 items
Sun Sep 13 07:01:34 UTC 2026: Fetching data for page 150...
Sun Sep 13 07:01:35 UTC 2026: Page 150: Downloaded 500 items
Sun Sep 13 07:01:35 UTC 2026: Fetching data for page 151...
Sun Sep 13 07:01:36 UTC 2026: Page 151: Downloaded 500 items
Sun Sep 13 07:01:36 UTC 2026: Fetching data for page 152...
Sun Sep 13 07:01:37 UTC 2026: Page 152: Downloaded 500 items
Sun Sep 13 07:01:37 UTC 2026: Fetching data for page 153...
Sun Sep 13 07:01:38 UTC 2026: Page 153: Downloaded 500 items
Sun Sep 13 07:01:38 UTC 2026: Fetching data for page 154...
Sun Sep 13 07:01:39 UTC 2026: Page 154: Downloaded 500 items
Sun Sep 13 07:01:39 UTC 2026: Fetching data for page 155...
Sun Sep 13 07:01:41 UTC 2026: Page 155: Downloaded 500 items
Sun Sep 13 07:01:41 UTC 2026: Fetching data for page 156...
Sun Sep 13 07:01:42 UTC 2026: Page 156: Downloaded 500 items
Sun Sep 13 07:01:42 UTC 2026: Fetching data for page 157...
Sun Sep 13 07:01:42 UTC 2026: Page 157: Downloaded 500 items
Sun Sep 13 07:01:42 UTC 2026: Fetching data for page 158...
Sun Sep 13 07:01:43 UTC 2026: Page 158: Downloaded 501 items
Sun Sep 13 07:01:43 UTC 2026: Fetching data for page 159...
Sun Sep 13 07:01:44 UTC 2026: Page 159: Downloaded 500 items
Sun Sep 13 07:01:44 UTC 2026: Fetching data for page 160...
Sun Sep 13 07:01:45 UTC 2026: Page 160: Downloaded 500 items
Sun Sep 13 07:01:45 UTC 2026: Fetching data for page 161...
Sun Sep 13 07:01:46 UTC 2026: Page 161: Downloaded 500 items
Sun Sep 13 07:01:46 UTC 2026: Fetching data for page 162...
Sun Sep 13 07:01:47 UTC 2026: Page 162: Downloaded 500 items
Sun Sep 13 07:01:47 UTC 2026: Fetching data for page 163...
Sun Sep 13 07:01:48 UTC 2026: Page 163: Downloaded 500 items
Sun Sep 13 07:01:48 UTC 2026: Fetching data for page 164...
Sun Sep 13 07:01:48 UTC 2026: Page 164: Downloaded 501 items
Sun Sep 13 07:01:48 UTC 2026: Fetching data for page 165...
Sun Sep 13 07:01:49 UTC 2026: Page 165: Downloaded 500 items
Sun Sep 13 07:01:49 UTC 2026: Fetching data for page 166...
Sun Sep 13 07:01:50 UTC 2026: Page 166: Downloaded 500 items
Sun Sep 13 07:01:50 UTC 2026: Fetching data for page 167...
Sun Sep 13 07:01:51 UTC 2026: Page 167: Downloaded 500 items
Sun Sep 13 07:01:51 UTC 2026: Fetching data for page 168...
Sun Sep 13 07:01:52 UTC 2026: Page 168: Downloaded 500 items
Sun Sep 13 07:01:52 UTC 2026: Fetching data for page 169...
Sun Sep 13 07:01:53 UTC 2026: Page 169: Downloaded 500 items
Sun Sep 13 07:01:53 UTC 2026: Fetching data for page 170...
Sun Sep 13 07:01:54 UTC 2026: Page 170: Downloaded 500 items
Sun Sep 13 07:01:54 UTC 2026: Fetching data for page 171...
Sun Sep 13 07:01:55 UTC 2026: Page 171: Downloaded 500 items
Sun Sep 13 07:01:55 UTC 2026: Fetching data for page 172...
Sun Sep 13 07:01:55 UTC 2026: Page 172: Downloaded 500 items
Sun Sep 13 07:01:55 UTC 2026: Fetching data for page 173...
Sun Sep 13 07:01:56 UTC 2026: Page 173: Downloaded 501 items
Sun Sep 13 07:01:56 UTC 2026: Fetching data for page 174...
Sun Sep 13 07:01:58 UTC 2026: Page 174: Downloaded 500 items
Sun Sep 13 07:01:58 UTC 2026: Fetching data for page 175...
Sun Sep 13 07:01:58 UTC 2026: Page 175: Downloaded 500 items
Sun Sep 13 07:01:58 UTC 2026: Fetching data for page 176...
Sun Sep 13 07:01:59 UTC 2026: Page 176: Downloaded 500 items
Sun Sep 13 07:01:59 UTC 2026: Fetching data for page 177...
Sun Sep 13 07:02:00 UTC 2026: Page 177: Downloaded 500 items
Sun Sep 13 07:02:00 UTC 2026: Fetching data for page 178...
Sun Sep 13 07:02:01 UTC 2026: Page 178: Downloaded 500 items
Sun Sep 13 07:02:01 UTC 2026: Fetching data for page 179...
Sun Sep 13 07:02:02 UTC 2026: Page 179: Downloaded 501 items
Sun Sep 13 07:02:02 UTC 2026: Fetching data for page 180...
Sun Sep 13 07:02:02 UTC 2026: Page 180: Downloaded 500 items
Sun Sep 13 07:02:02 UTC 2026: Fetching data for page 181...
Sun Sep 13 07:02:03 UTC 2026: Page 181: Downloaded 500 items
Sun Sep 13 07:02:03 UTC 2026: Fetching data for page 182...
Sun Sep 13 07:02:04 UTC 2026: Page 182: Downloaded 500 items
Sun Sep 13 07:02:04 UTC 2026: Fetching data for page 183...
Sun Sep 13 07:02:05 UTC 2026: Page 183: Downloaded 500 items
Sun Sep 13 07:02:05 UTC 2026: Fetching data for page 184...
Sun Sep 13 07:02:06 UTC 2026: Page 184: Downloaded 500 items
Sun Sep 13 07:02:06 UTC 2026: Fetching data for page 185...
Sun Sep 13 07:02:07 UTC 2026: Page 185: Downloaded 500 items
Sun Sep 13 07:02:07 UTC 2026: Fetching data for page 186...
Sun Sep 13 07:02:07 UTC 2026: Page 186: Downloaded 500 items
Sun Sep 13 07:02:07 UTC 2026: Fetching data for page 187...
Sun Sep 13 07:02:08 UTC 2026: Page 187: Downloaded 501 items
Sun Sep 13 07:02:08 UTC 2026: Fetching data for page 188...
Sun Sep 13 07:02:10 UTC 2026: Page 188: Downloaded 500 items
Sun Sep 13 07:02:10 UTC 2026: Fetching data for page 189...
Sun Sep 13 07:02:10 UTC 2026: Page 189: Downloaded 500 items
Sun Sep 13 07:02:10 UTC 2026: Fetching data for page 190...
Sun Sep 13 07:02:11 UTC 2026: Page 190: Downloaded 501 items
Sun Sep 13 07:02:11 UTC 2026: Fetching data for page 191...
Sun Sep 13 07:02:12 UTC 2026: Page 191: Downloaded 500 items
Sun Sep 13 07:02:12 UTC 2026: Fetching data for page 192...
Sun Sep 13 07:02:13 UTC 2026: Page 192: Downloaded 500 items
Sun Sep 13 07:02:13 UTC 2026: Fetching data for page 193...
Sun Sep 13 07:02:14 UTC 2026: Page 193: Downloaded 500 items
Sun Sep 13 07:02:14 UTC 2026: Fetching data for page 194...
Sun Sep 13 07:02:15 UTC 2026: Page 194: Downloaded 500 items
Sun Sep 13 07:02:15 UTC 2026: Fetching data for page 195...
Sun Sep 13 07:02:16 UTC 2026: Page 195: Downloaded 500 items
Sun Sep 13 07:02:16 UTC 2026: Fetching data for page 196...
Sun Sep 13 07:02:17 UTC 2026: Page 196: Downloaded 500 items
Sun Sep 13 07:02:17 UTC 2026: Fetching data for page 197...
Sun Sep 13 07:02:18 UTC 2026: Page 197: Downloaded 500 items
Sun Sep 13 07:02:18 UTC 2026: Fetching data for page 198...
Sun Sep 13 07:02:19 UTC 2026: Page 198: Downloaded 500 items
Sun Sep 13 07:02:19 UTC 2026: Fetching data for page 199...
Sun Sep 13 07:02:20 UTC 2026: Page 199: Downloaded 500 items
Sun Sep 13 07:02:20 UTC 2026: Fetching data for page 200...
Sun Sep 13 07:02:21 UTC 2026: Page 200: Downloaded 500 items
Sun Sep 13 07:02:21 UTC 2026: Fetching data for page 201...
Sun Sep 13 07:02:22 UTC 2026: Page 201: Downloaded 500 items
Sun Sep 13 07:02:22 UTC 2026: Fetching data for page 202...
Sun Sep 13 07:02:22 UTC 2026: Page 202: Downloaded 500 items
Sun Sep 13 07:02:22 UTC 2026: Fetching data for page 203...
Sun Sep 13 07:02:23 UTC 2026: Page 203: Downloaded 500 items
Sun Sep 13 07:02:23 UTC 2026: Fetching data for page 204...
Sun Sep 13 07:02:24 UTC 2026: Page 204: Downloaded 500 items
Sun Sep 13 07:02:24 UTC 2026: Fetching data for page 205...
Sun Sep 13 07:02:25 UTC 2026: Page 205: Downloaded 500 items
Sun Sep 13 07:02:25 UTC 2026: Fetching data for page 206...
Sun Sep 13 07:02:26 UTC 2026: Page 206: Downloaded 500 items
Sun Sep 13 07:02:26 UTC 2026: Fetching data for page 207...
Sun Sep 13 07:02:27 UTC 2026: Page 207: Downloaded 500 items
Sun Sep 13 07:02:27 UTC 2026: Fetching data for page 208...
Sun Sep 13 07:02:28 UTC 2026: Page 208: Downloaded 500 items
Sun Sep 13 07:02:28 UTC 2026: Fetching data for page 209...
Sun Sep 13 07:02:28 UTC 2026: Page 209: Downloaded 500 items
Sun Sep 13 07:02:29 UTC 2026: Fetching data for page 210...
Sun Sep 13 07:02:29 UTC 2026: Page 210: Downloaded 500 items
Sun Sep 13 07:02:29 UTC 2026: Fetching data for page 211...
Sun Sep 13 07:02:30 UTC 2026: Page 211: Downloaded 500 items
Sun Sep 13 07:02:30 UTC 2026: Fetching data for page 212...
Sun Sep 13 07:02:31 UTC 2026: Page 212: Downloaded 500 items
Sun Sep 13 07:02:31 UTC 2026: Fetching data for page 213...
Sun Sep 13 07:02:32 UTC 2026: Page 213: Downloaded 500 items
Sun Sep 13 07:02:32 UTC 2026: Fetching data for page 214...
Sun Sep 13 07:02:33 UTC 2026: Page 214: Downloaded 500 items
Sun Sep 13 07:02:33 UTC 2026: Fetching data for page 215...
Sun Sep 13 07:02:34 UTC 2026: Page 215: Downloaded 497 items
Sun Sep 13 07:02:34 UTC 2026: Creating consolidated JSON file: payments.json
Sun Sep 13 07:08:01 UTC 2026: Download completed. Downloaded 107527 items (expected: 107497)
Sun Sep 13 07:08:01 UTC 2026: WARNING: Downloaded item count (107527) does not match expected total (107497)
Sun Sep 13 07:08:01 UTC 2026: Script completed. Results saved to payments.json, logs saved to payments_scraper.log
